\set ECHO none
1..12
ok 1 - Create test extension
ok 2 - Test extension exists
ok 3 - Drop test extension
ok 4 - Test extension does not exist
ok 5 - Table _test_ed.extension_drop__commands should exist
ok 6 - Drop extension
ok 7 - Create extension in schema _test_ed_2
ok 8 - Table _test_ed_2.extension_drop__commands should exist
ok 9 - Create test extension in _test_ed_2
ok 10 - extension_drop__update()
ok 11 - Verify extension_drop__get()
ok 12 - Drop schema _test_ed without cascade succeeds
# TRANSACTION INTENTIONALLY LEFT OPEN!
