\set ECHO none

INSTALL
 

 

 

 

 

 

 

 

 

 

# TRANSACTION INTENTIONALLY LEFT OPEN
